2026-08-20T17:10:00.8497900Z Current runner version: '2.336.0'
2026-08-20T17:10:00.8528630Z ##[group]Runner Image Provisioner
2026-08-20T17:10:00.8529854Z Hosted Compute Agent
2026-08-20T17:10:00.8530581Z Version: 20260729.566
2026-08-20T17:10:00.8531257Z Commit: cf7153fe6e25b664e8693c24944bf2b00355d109
2026-08-20T17:10:00.8532233Z Build Date: 2026-07-29T19:17:02Z
2026-08-20T17:10:00.8532992Z Worker ID: {1c23138d-5cde-4381-9cba-6c6a9c000131}
2026-08-20T17:10:00.8533795Z Azure Region: centralus
2026-08-20T17:10:00.8534449Z ##[endgroup]
2026-08-20T17:10:00.8537233Z ##[group]Operating System
2026-08-20T17:10:00.8538047Z Microsoft Windows 11
2026-08-20T17:10:00.8538671Z 10.0.26200
2026-08-20T17:10:00.8539260Z Enterprise
2026-08-20T17:10:00.8539829Z ##[endgroup]
2026-08-20T17:10:00.8540411Z ##[group]Runner Image
2026-08-20T17:10:00.8541071Z Image: windows-11-arm64
2026-08-20T17:10:00.8541708Z Version: 20260809.134.1
2026-08-20T17:10:00.8543398Z Included Software: https://github.com/actions/runner-images/blob/win11-arm64/20260809.134/images/windows/Windows11-Arm64-Readme.md
2026-08-20T17:10:00.8545175Z Image Release: https://github.com/actions/runner-images/releases/tag/win11-arm64%2F20260809.134
2026-08-20T17:10:00.8546220Z ##[endgroup]
2026-08-20T17:10:00.8547460Z ##[group]GITHUB_TOKEN Permissions
2026-08-20T17:10:00.8550273Z Contents: read
2026-08-20T17:10:00.8551018Z Metadata: read
2026-08-20T17:10:00.8551723Z ##[endgroup]
2026-08-20T17:10:00.8554543Z Secret source: Actions
2026-08-20T17:10:00.8555830Z Prepare workflow directory
2026-08-20T17:10:00.9187307Z Prepare all required actions
2026-08-20T17:10:00.9243505Z Getting action download info
2026-08-20T17:10:01.1286377Z Download action repository 'actions/upload-artifact@v4' (SHA:ea165f8d65b6e75b540449e92b4886f43607fa02)
2026-08-20T17:10:01.8556752Z Complete job name: Native ARM64 - the package must run
2026-08-20T17:10:01.9783194Z ##[group]Run $ErrorActionPreference = 'Stop'
2026-08-20T17:10:01.9784287Z [36;1m$ErrorActionPreference = 'Stop'[0m
2026-08-20T17:10:01.9785212Z [36;1m$os = (Get-CimInstance Win32_OperatingSystem).OSArchitecture[0m
2026-08-20T17:10:01.9786300Z [36;1m$dotnet = [System.Runtime.InteropServices.RuntimeInformation]::OSArchitecture[0m
2026-08-20T17:10:01.9787181Z [36;1m"ImageOS=$env:ImageOS"[0m
2026-08-20T17:10:01.9787861Z [36;1m"OSArchitecture=$os"[0m
2026-08-20T17:10:01.9788554Z [36;1m"PROCESSOR_ARCHITECTURE=$env:PROCESSOR_ARCHITECTURE"[0m
2026-08-20T17:10:01.9789344Z [36;1m"RuntimeInformation.OSArchitecture=$dotnet"[0m
2026-08-20T17:10:01.9790235Z [36;1mif ("$dotnet" -ne 'Arm64') { throw "Not a native ARM64 runner: $dotnet" }[0m
2026-08-20T17:10:01.9861584Z shell: C:\Program Files\PowerShell\7\pwsh.EXE -command ". '{0}'"
2026-08-20T17:10:01.9864580Z env:
2026-08-20T17:10:01.9866375Z   ASSET_URL: https://github.com/LynnSingoei/OpenCppCoverage-ARM64/releases/download/arm64-81376ba/OpenCppCoverage-0.9.9.0-windows-arm64.zip
2026-08-20T17:10:01.9869261Z   EXPECTED_SHA256: 83f0e1c19d89c534a13a67eef4ebdacb85593aa4696d06ca4925ac03ecfee7a5
2026-08-20T17:10:01.9870392Z ##[endgroup]
2026-08-20T17:10:02.5192086Z ImageOS=win11-arm64
2026-08-20T17:10:02.5193327Z OSArchitecture=ARM 64-bit Processor
2026-08-20T17:10:02.5194156Z PROCESSOR_ARCHITECTURE=ARM64
2026-08-20T17:10:02.5195014Z RuntimeInformation.OSArchitecture=Arm64
2026-08-20T17:10:02.6354821Z ##[group]Run $ErrorActionPreference = 'Stop'
2026-08-20T17:10:02.6356245Z [36;1m$ErrorActionPreference = 'Stop'[0m
2026-08-20T17:10:02.6357189Z [36;1mNew-Item -ItemType Directory -Force -Path artifact | Out-Null[0m
2026-08-20T17:10:02.6358477Z [36;1mInvoke-WebRequest -Uri $env:ASSET_URL -OutFile artifact/package.zip[0m
2026-08-20T17:10:02.6359677Z [36;1m"Downloaded $env:ASSET_URL ($((Get-Item artifact/package.zip).Length) bytes)"[0m
2026-08-20T17:10:02.6423333Z shell: C:\Program Files\PowerShell\7\pwsh.EXE -command ". '{0}'"
2026-08-20T17:10:02.6424309Z env:
2026-08-20T17:10:02.6425706Z   ASSET_URL: https://github.com/LynnSingoei/OpenCppCoverage-ARM64/releases/download/arm64-81376ba/OpenCppCoverage-0.9.9.0-windows-arm64.zip
2026-08-20T17:10:02.6430201Z   EXPECTED_SHA256: 83f0e1c19d89c534a13a67eef4ebdacb85593aa4696d06ca4925ac03ecfee7a5
2026-08-20T17:10:02.6431251Z ##[endgroup]
2026-08-20T17:10:03.7184627Z Downloaded https://github.com/LynnSingoei/OpenCppCoverage-ARM64/releases/download/arm64-81376ba/OpenCppCoverage-0.9.9.0-windows-arm64.zip (17197315 bytes)
2026-08-20T17:10:03.8012266Z ##[group]Run $ErrorActionPreference = 'Stop'
2026-08-20T17:10:03.8013762Z [36;1m$ErrorActionPreference = 'Stop'[0m
2026-08-20T17:10:03.8015448Z [36;1m$actual = (Get-FileHash artifact/package.zip -Algorithm SHA256).Hash.ToLowerInvariant()[0m
2026-08-20T17:10:03.8017248Z [36;1m$expected = $env:EXPECTED_SHA256.ToLowerInvariant()[0m
2026-08-20T17:10:03.8018396Z [36;1m"expected=$expected"[0m
2026-08-20T17:10:03.8019295Z [36;1m"actual  =$actual"[0m
2026-08-20T17:10:03.8020748Z [36;1mif ($actual -ne $expected) { throw 'Checksum mismatch: refusing to verify unrelated bytes.' }[0m
2026-08-20T17:10:03.8022384Z [36;1m'Checksum verified.'[0m
2026-08-20T17:10:03.8085358Z shell: C:\Program Files\PowerShell\7\pwsh.EXE -command ". '{0}'"
2026-08-20T17:10:03.8086694Z env:
2026-08-20T17:10:03.8088554Z   ASSET_URL: https://github.com/LynnSingoei/OpenCppCoverage-ARM64/releases/download/arm64-81376ba/OpenCppCoverage-0.9.9.0-windows-arm64.zip
2026-08-20T17:10:03.8091158Z   EXPECTED_SHA256: 83f0e1c19d89c534a13a67eef4ebdacb85593aa4696d06ca4925ac03ecfee7a5
2026-08-20T17:10:03.8092537Z ##[endgroup]
2026-08-20T17:10:04.1833269Z expected=83f0e1c19d89c534a13a67eef4ebdacb85593aa4696d06ca4925ac03ecfee7a5
2026-08-20T17:10:04.1834995Z actual  =83f0e1c19d89c534a13a67eef4ebdacb85593aa4696d06ca4925ac03ecfee7a5
2026-08-20T17:10:04.1851346Z Checksum verified.
2026-08-20T17:10:04.2698817Z ##[group]Run $ErrorActionPreference = 'Stop'
2026-08-20T17:10:04.2699668Z [36;1m$ErrorActionPreference = 'Stop'[0m
2026-08-20T17:10:04.2700178Z [36;1mExpand-Archive artifact/package.zip -DestinationPath expanded -Force[0m
2026-08-20T17:10:04.2700748Z [36;1m"Files: $((Get-ChildItem expanded -Recurse -File).Count)"[0m
2026-08-20T17:10:04.2701248Z [36;1m$exporter = Join-Path 'expanded' 'Binaries/Plugins/Exporter'[0m
2026-08-20T17:10:04.2701883Z [36;1mif (-not (Test-Path $exporter)) { throw 'Binaries\Plugins\Exporter is missing; the product cannot start.' }[0m
2026-08-20T17:10:04.2702666Z [36;1m"Plugins\Exporter present with $((Get-ChildItem $exporter -Force -Recurse -File).Count) file(s)"[0m
2026-08-20T17:10:04.2760879Z shell: C:\Program Files\PowerShell\7\pwsh.EXE -command ". '{0}'"
2026-08-20T17:10:04.2761391Z env:
2026-08-20T17:10:04.2762159Z   ASSET_URL: https://github.com/LynnSingoei/OpenCppCoverage-ARM64/releases/download/arm64-81376ba/OpenCppCoverage-0.9.9.0-windows-arm64.zip
2026-08-20T17:10:04.2763043Z   EXPECTED_SHA256: 83f0e1c19d89c534a13a67eef4ebdacb85593aa4696d06ca4925ac03ecfee7a5
2026-08-20T17:10:04.2763517Z ##[endgroup]
2026-08-20T17:10:05.5216516Z Files: 155
2026-08-20T17:10:05.5276564Z Plugins\Exporter present with 1 file(s)
2026-08-20T17:10:05.6107070Z ##[group]Run $ErrorActionPreference = 'Stop'
2026-08-20T17:10:05.6107977Z [36;1m$ErrorActionPreference = 'Stop'[0m
2026-08-20T17:10:05.6108313Z [36;1m$bad = @()[0m
2026-08-20T17:10:05.6108561Z [36;1m$count = 0[0m
2026-08-20T17:10:05.6108967Z [36;1mforeach ($f in Get-ChildItem expanded -Recurse -File -Include *.exe, *.dll) {[0m
2026-08-20T17:10:05.6109473Z [36;1m  $fs = [System.IO.File]::OpenRead($f.FullName)[0m
2026-08-20T17:10:05.6109824Z [36;1m  try {[0m
2026-08-20T17:10:05.6110110Z [36;1m    $br = New-Object System.IO.BinaryReader($fs)[0m
2026-08-20T17:10:05.6110461Z [36;1m    $fs.Position = 0x3C[0m
2026-08-20T17:10:05.6110767Z [36;1m    $fs.Position = $br.ReadInt32()[0m
2026-08-20T17:10:05.6111212Z [36;1m    if ($br.ReadUInt32() -ne 0x00004550) { $bad += "$($f.Name): not a PE"; continue }[0m
2026-08-20T17:10:05.6111676Z [36;1m    $machine = $br.ReadUInt16()[0m
2026-08-20T17:10:05.6111972Z [36;1m    $count++[0m
2026-08-20T17:10:05.6113444Z [36;1m    '{0,-40} 0x{1:X4}' -f $f.Name, $machine[0m
2026-08-20T17:10:05.6113884Z [36;1m    if ($machine -ne 0xAA64) { $bad += ('{0}: 0x{1:X4}' -f $f.Name, $machine) }[0m
2026-08-20T17:10:05.6114344Z [36;1m  } finally { $fs.Dispose() }[0m
2026-08-20T17:10:05.6114642Z [36;1m}[0m
2026-08-20T17:10:05.6114875Z [36;1m"Scanned $count image(s)"[0m
2026-08-20T17:10:05.6115302Z [36;1mif ($count -eq 0) { throw 'Scanned nothing: the scan cannot pass vacuously.' }[0m
2026-08-20T17:10:05.6115943Z [36;1mif ($bad.Count -gt 0) { $bad | ForEach-Object { "VIOLATION $_" }; throw "Non-ARM64 images: $($bad.Count)" }[0m
2026-08-20T17:10:05.6116473Z [36;1m'Every shipped image is ARM64 (0xAA64).'[0m
2026-08-20T17:10:05.6170002Z shell: C:\Program Files\PowerShell\7\pwsh.EXE -command ". '{0}'"
2026-08-20T17:10:05.6170516Z env:
2026-08-20T17:10:05.6171149Z   ASSET_URL: https://github.com/LynnSingoei/OpenCppCoverage-ARM64/releases/download/arm64-81376ba/OpenCppCoverage-0.9.9.0-windows-arm64.zip
2026-08-20T17:10:05.6172007Z   EXPECTED_SHA256: 83f0e1c19d89c534a13a67eef4ebdacb85593aa4696d06ca4925ac03ecfee7a5
2026-08-20T17:10:05.6172481Z ##[endgroup]
2026-08-20T17:10:06.0171749Z abseil_dll.dll                           0xAA64
2026-08-20T17:10:06.0199914Z boost_filesystem-vc143-mt-a64-1_91.dll   0xAA64
2026-08-20T17:10:06.0205238Z boost_iostreams-vc143-mt-a64-1_91.dll    0xAA64
2026-08-20T17:10:06.0210122Z boost_locale-vc143-mt-a64-1_91.dll       0xAA64
2026-08-20T17:10:06.0215808Z boost_log-vc143-mt-a64-1_91.dll          0xAA64
2026-08-20T17:10:06.0220855Z boost_program_options-vc143-mt-a64-1_91.dll 0xAA64
2026-08-20T17:10:06.0226804Z boost_thread-vc143-mt-a64-1_91.dll       0xAA64
2026-08-20T17:10:06.0231301Z bz2.dll                                  0xAA64
2026-08-20T17:10:06.0236587Z concrt140.dll                            0xAA64
2026-08-20T17:10:06.0241646Z CppCoverage.dll                          0xAA64
2026-08-20T17:10:06.0246718Z Exporter.dll                             0xAA64
2026-08-20T17:10:06.0251700Z FileFilter.dll                           0xAA64
2026-08-20T17:10:06.0258087Z gmock.dll                                0xAA64
2026-08-20T17:10:06.0263018Z libctemplate.dll                         0xAA64
2026-08-20T17:10:06.0267963Z liblzma.dll                              0xAA64
2026-08-20T17:10:06.0273015Z libprotobuf-lite.dll                     0xAA64
2026-08-20T17:10:06.0279814Z libprotobuf.dll                          0xAA64
2026-08-20T17:10:06.0285228Z msdia140.dll                             0xAA64
2026-08-20T17:10:06.0290680Z msvcp140_1.dll                           0xAA64
2026-08-20T17:10:06.0296344Z msvcp140_2.dll                           0xAA64
2026-08-20T17:10:06.0302175Z msvcp140_atomic_wait.dll                 0xAA64
2026-08-20T17:10:06.0307629Z msvcp140_codecvt_ids.dll                 0xAA64
2026-08-20T17:10:06.0313344Z msvcp140.dll                             0xAA64
2026-08-20T17:10:06.0318564Z OpenCppCoverage.exe                      0xAA64
2026-08-20T17:10:06.0326801Z pcre2-8.dll                              0xAA64
2026-08-20T17:10:06.0329306Z Plugin.dll                               0xAA64
2026-08-20T17:10:06.0334693Z PocoFoundation.dll                       0xAA64
2026-08-20T17:10:06.0340428Z Tools.dll                                0xAA64
2026-08-20T17:10:06.0345705Z utf8proc.dll                             0xAA64
2026-08-20T17:10:06.0351981Z vccorlib140.dll                          0xAA64
2026-08-20T17:10:06.0357072Z vcruntime140_threads.dll                 0xAA64
2026-08-20T17:10:06.0363568Z vcruntime140.dll                         0xAA64
2026-08-20T17:10:06.0369168Z z.dll                                    0xAA64
2026-08-20T17:10:06.0374647Z zstd.dll                                 0xAA64
2026-08-20T17:10:06.0385960Z Scanned 34 image(s)
2026-08-20T17:10:06.0413369Z Every shipped image is ARM64 (0xAA64).
2026-08-20T17:10:06.1132548Z ##[group]Run $ErrorActionPreference = 'Stop'
2026-08-20T17:10:06.1133293Z [36;1m$ErrorActionPreference = 'Stop'[0m
2026-08-20T17:10:06.1134402Z [36;1mNew-Item -ItemType Directory -Force -Path fixture | Out-Null[0m
2026-08-20T17:10:06.1134879Z [36;1m$src = @([0m
2026-08-20T17:10:06.1135169Z [36;1m  '// WinPort independent runtime fixture',[0m
2026-08-20T17:10:06.1135571Z [36;1m  'int hot(int x) { return x * 2; }',[0m
2026-08-20T17:10:06.1135912Z [36;1m  'int cold(int x) { return x + 7; }',[0m
2026-08-20T17:10:06.1136216Z [36;1m  'int main() {',[0m
2026-08-20T17:10:06.1136520Z [36;1m  '    volatile int r = hot(21);',[0m
2026-08-20T17:10:06.1136840Z [36;1m  '    return r == 42 ? 0 : 1;',[0m
2026-08-20T17:10:06.1137137Z [36;1m  '}'[0m
2026-08-20T17:10:06.1137389Z [36;1m)[0m
2026-08-20T17:10:06.1137763Z [36;1mSet-Content -Path fixture/fixture.cpp -Value $src -Encoding ascii[0m
2026-08-20T17:10:06.1138550Z [36;1mGet-Content fixture/fixture.cpp | ForEach-Object -Begin { $i = 0 } -Process { $i++; "{0,3}: {1}" -f $i, $_ }[0m
2026-08-20T17:10:06.1139084Z [36;1m[0m
2026-08-20T17:10:06.1139503Z [36;1m$vswhere = "${env:ProgramFiles(x86)}\Microsoft Visual Studio\Installer\vswhere.exe"[0m
2026-08-20T17:10:06.1140112Z [36;1m$install = & $vswhere -latest -prerelease -products * -property installationPath[0m
2026-08-20T17:10:06.1140675Z [36;1mif (-not $install) { throw 'No Visual Studio installation found.' }[0m
2026-08-20T17:10:06.1141091Z [36;1m"VS: $install"[0m
2026-08-20T17:10:06.1141455Z [36;1m$vcvars = Join-Path $install 'VC\Auxiliary\Build\vcvarsall.bat'[0m
2026-08-20T17:10:06.1142061Z [36;1mcmd /c "call `"$vcvars`" arm64 >nul && cd fixture && cl /nologo /Zi /Od /EHsc fixture.cpp /Fe:fixture.exe"[0m
2026-08-20T17:10:06.1142689Z [36;1mif ($LASTEXITCODE -ne 0) { throw "cl failed with $LASTEXITCODE" }[0m
2026-08-20T17:10:06.1143184Z [36;1mGet-ChildItem fixture | Select-Object Name, Length[0m
2026-08-20T17:10:06.1196303Z shell: C:\Program Files\PowerShell\7\pwsh.EXE -command ". '{0}'"
2026-08-20T17:10:06.1196801Z env:
2026-08-20T17:10:06.1197439Z   ASSET_URL: https://github.com/LynnSingoei/OpenCppCoverage-ARM64/releases/download/arm64-81376ba/OpenCppCoverage-0.9.9.0-windows-arm64.zip
2026-08-20T17:10:06.1198229Z   EXPECTED_SHA256: 83f0e1c19d89c534a13a67eef4ebdacb85593aa4696d06ca4925ac03ecfee7a5
2026-08-20T17:10:06.1198712Z ##[endgroup]
2026-08-20T17:10:06.4431005Z   1: // WinPort independent runtime fixture
2026-08-20T17:10:06.4434512Z   2: int hot(int x) { return x * 2; }
2026-08-20T17:10:06.4437207Z   3: int cold(int x) { return x + 7; }
2026-08-20T17:10:06.4439246Z   4: int main() {
2026-08-20T17:10:06.4441683Z   5:     volatile int r = hot(21);
2026-08-20T17:10:06.4443994Z   6:     return r == 42 ? 0 : 1;
2026-08-20T17:10:06.4446743Z   7: }
2026-08-20T17:10:06.9397734Z VS: C:\Program Files\Microsoft Visual Studio\2022\Enterprise
2026-08-20T17:10:09.9623428Z fixture.cpp
2026-08-20T17:10:17.7948402Z 
2026-08-20T17:10:17.8023353Z [32;1mName       [0m[32;1m  Length[0m
2026-08-20T17:10:17.8024621Z [32;1m----       [0m [32;1m ------[0m
2026-08-20T17:10:17.8025021Z fixture.cpp     186
2026-08-20T17:10:17.8025324Z fixture.exe  879104
2026-08-20T17:10:17.8025610Z fixture.ilk 4326415
2026-08-20T17:10:17.8026021Z fixture.obj    2101
2026-08-20T17:10:17.8026461Z fixture.pdb 6909952
2026-08-20T17:10:17.8026980Z vc140.pdb     77824
2026-08-20T17:10:17.8028334Z 
2026-08-20T17:10:17.8708518Z ##[group]Run $ErrorActionPreference = 'Stop'
2026-08-20T17:10:17.8709313Z [36;1m$ErrorActionPreference = 'Stop'[0m
2026-08-20T17:10:17.8709787Z [36;1m$exe = Resolve-Path 'expanded/Binaries/OpenCppCoverage.exe'[0m
2026-08-20T17:10:17.8710226Z [36;1m$sources = (Resolve-Path 'fixture').Path[0m
2026-08-20T17:10:17.8710612Z [36;1m$target = (Resolve-Path 'fixture/fixture.exe').Path[0m
2026-08-20T17:10:17.8710992Z [36;1m"OpenCppCoverage: $exe"[0m
2026-08-20T17:10:17.8711729Z [36;1m& $exe --sources $sources --export_type "cobertura:coverage.xml" --working_dir $sources -- $target[0m
2026-08-20T17:10:17.8712245Z [36;1m$code = $LASTEXITCODE[0m
2026-08-20T17:10:17.8712984Z [36;1m"CoverageExitCode=$code"[0m
2026-08-20T17:10:17.8713403Z [36;1mif ($code -ne 0) { throw "The shipped OpenCppCoverage.exe exited $code" }[0m
2026-08-20T17:10:17.8714007Z [36;1mif (-not (Test-Path coverage.xml)) { throw 'No cobertura report was produced.' }[0m
2026-08-20T17:10:17.8766101Z shell: C:\Program Files\PowerShell\7\pwsh.EXE -command ". '{0}'"
2026-08-20T17:10:17.8766575Z env:
2026-08-20T17:10:17.8767229Z   ASSET_URL: https://github.com/LynnSingoei/OpenCppCoverage-ARM64/releases/download/arm64-81376ba/OpenCppCoverage-0.9.9.0-windows-arm64.zip
2026-08-20T17:10:17.8768065Z   EXPECTED_SHA256: 83f0e1c19d89c534a13a67eef4ebdacb85593aa4696d06ca4925ac03ecfee7a5
2026-08-20T17:10:17.8768507Z ##[endgroup]
2026-08-20T17:10:18.1804958Z OpenCppCoverage: C:\a\OpenCppCoverage-ARM64\OpenCppCoverage-ARM64\expanded\Binaries\OpenCppCoverage.exe
2026-08-20T17:10:18.5067116Z [info] Start Program:
2026-08-20T17:10:18.5067825Z Path:"C:\\a\\OpenCppCoverage-ARM64\\OpenCppCoverage-ARM64\\fixture\\fixture.exe"
2026-08-20T17:10:18.5068381Z Arguments:
2026-08-20T17:10:18.5068808Z Working directory: "C:\\a\\OpenCppCoverage-ARM64\\OpenCppCoverage-ARM64\\fixture"
2026-08-20T17:10:18.5069752Z Modules: Selected: * Excluded: 
2026-08-20T17:10:18.5070396Z Sources: Selected: C:\a\OpenCppCoverage-ARM64\OpenCppCoverage-ARM64\fixture Excluded: 
2026-08-20T17:10:18.5070888Z Log Level: Normal
2026-08-20T17:10:18.5071376Z Cover Children: 0
2026-08-20T17:10:18.5071669Z Aggregate by file: 1
2026-08-20T17:10:18.5071947Z Continue after C++ exception: 0
2026-08-20T17:10:18.5072439Z Optimized build support: 0
2026-08-20T17:10:18.5072786Z Export: cobertura coverage.xml 
2026-08-20T17:10:18.5073063Z Input coverage: 
2026-08-20T17:10:18.5073310Z Unified diff: 
2026-08-20T17:10:18.5073578Z Excluded line regular expressions: 
2026-08-20T17:10:18.5073900Z Substitute pdb source paths: 
2026-08-20T17:10:18.5197452Z [info] Module: C:\a\OpenCppCoverage-ARM64\OpenCppCoverage-ARM64\fixture\fixture.exe is selected because it matches selected pattern: *
2026-08-20T17:10:18.5815396Z [info] Module: C:\Windows\System32\ntdll.dll is selected because it matches selected pattern: *
2026-08-20T17:10:18.5838972Z [info] Module: C:\Windows\System32\kernel32.dll is selected because it matches selected pattern: *
2026-08-20T17:10:18.5854255Z [info] Module: C:\Windows\System32\KernelBase.dll is selected because it matches selected pattern: *
2026-08-20T17:10:18.5894759Z [info] Module: C:\Windows\System32\kernel.appcore.dll is selected because it matches selected pattern: *
2026-08-20T17:10:18.5905349Z [info] Module: C:\Windows\System32\msvcrt.dll is selected because it matches selected pattern: *
2026-08-20T17:10:18.5930781Z [info] ----------------------------------------------------
2026-08-20T17:10:18.5931507Z [info] Cobertura report generated: coverage.xml
2026-08-20T17:10:18.5932137Z [info] ----------------------------------------------------
2026-08-20T17:10:18.5932885Z [info] The code coverage report is not what you expect? See the FAQ https://github.com/OpenCppCoverage/OpenCppCoverage/wiki/FAQ.
2026-08-20T17:10:18.6010723Z CoverageExitCode=0
2026-08-20T17:10:18.6723655Z ##[group]Run $ErrorActionPreference = 'Stop'
2026-08-20T17:10:18.6724378Z [36;1m$ErrorActionPreference = 'Stop'[0m
2026-08-20T17:10:18.6724809Z [36;1m[xml]$report = Get-Content coverage.xml -Raw[0m
2026-08-20T17:10:18.6725185Z [36;1m$lines = $report.SelectNodes('//line')[0m
2026-08-20T17:10:18.6725698Z [36;1mif (-not $lines -or $lines.Count -eq 0) { throw 'The report contains no line records.' }[0m
2026-08-20T17:10:18.6726265Z [36;1mforeach ($l in $lines) { "line {0,3} hits={1}" -f $l.number, $l.hits }[0m
2026-08-20T17:10:18.6726653Z [36;1m[0m
2026-08-20T17:10:18.6727010Z [36;1m$hot = $lines | Where-Object { [int]$_.number -eq 2 } | Select-Object -First 1[0m
2026-08-20T17:10:18.6727571Z [36;1m$cold = $lines | Where-Object { [int]$_.number -eq 3 } | Select-Object -First 1[0m
2026-08-20T17:10:18.6728093Z [36;1mif (-not $hot) { throw 'Line 2 (executed) is absent from the report.' }[0m
2026-08-20T17:10:18.6730057Z [36;1mif (-not $cold) { throw 'Line 3 (unreachable) is absent from the report.' }[0m
2026-08-20T17:10:18.6730646Z [36;1mif ([int]$hot.hits -lt 1) { throw "Line 2 should be covered but reports $($hot.hits) hits." }[0m
2026-08-20T17:10:18.6731320Z [36;1mif ([int]$cold.hits -ne 0) { throw "Line 3 is never called but reports $($cold.hits) hits." }[0m
2026-08-20T17:10:18.6731918Z [36;1m'Coverage is correct: the executed line is hit and the unreachable line is not.'[0m
2026-08-20T17:10:18.6732615Z [36;1m"ProcessArchitecture=$([System.Runtime.InteropServices.RuntimeInformation]::ProcessArchitecture)"[0m
2026-08-20T17:10:18.6782542Z shell: C:\Program Files\PowerShell\7\pwsh.EXE -command ". '{0}'"
2026-08-20T17:10:18.6783024Z env:
2026-08-20T17:10:18.6783645Z   ASSET_URL: https://github.com/LynnSingoei/OpenCppCoverage-ARM64/releases/download/arm64-81376ba/OpenCppCoverage-0.9.9.0-windows-arm64.zip
2026-08-20T17:10:18.6784500Z   EXPECTED_SHA256: 83f0e1c19d89c534a13a67eef4ebdacb85593aa4696d06ca4925ac03ecfee7a5
2026-08-20T17:10:18.6784999Z ##[endgroup]
2026-08-20T17:10:19.0207740Z line   2 hits=1
2026-08-20T17:10:19.0210513Z line   3 hits=0
2026-08-20T17:10:19.0213637Z line   4 hits=1
2026-08-20T17:10:19.0214479Z line   5 hits=1
2026-08-20T17:10:19.0216694Z line   6 hits=1
2026-08-20T17:10:19.0575112Z Coverage is correct: the executed line is hit and the unreachable line is not.
2026-08-20T17:10:19.0584535Z ProcessArchitecture=Arm64
2026-08-20T17:10:19.1388847Z Node 20 is being deprecated. This workflow is running with Node 24 by default. If you need to temporarily use Node 20, you can set the ACTIONS_ALLOW_USE_UNSECURE_NODE_VERSION=true environment variable. For more information see: https://github.blog/changelog/2025-09-19-deprecation-of-node-20-on-github-actions-runners/
2026-08-20T17:10:19.1397015Z ##[group]Run actions/upload-artifact@v4
2026-08-20T17:10:19.1397480Z with:
2026-08-20T17:10:19.1397777Z   name: winport-verification-native-arm64
2026-08-20T17:10:19.1398179Z   path: coverage.xml
fixture/fixture.cpp

2026-08-20T17:10:19.1398496Z   if-no-files-found: warn
2026-08-20T17:10:19.1398750Z   compression-level: 6
2026-08-20T17:10:19.1399023Z   overwrite: false
2026-08-20T17:10:19.1399272Z   include-hidden-files: false
2026-08-20T17:10:19.1399553Z env:
2026-08-20T17:10:19.1400157Z   ASSET_URL: https://github.com/LynnSingoei/OpenCppCoverage-ARM64/releases/download/arm64-81376ba/OpenCppCoverage-0.9.9.0-windows-arm64.zip
2026-08-20T17:10:19.1401035Z   EXPECTED_SHA256: 83f0e1c19d89c534a13a67eef4ebdacb85593aa4696d06ca4925ac03ecfee7a5
2026-08-20T17:10:19.1401488Z ##[endgroup]
2026-08-20T17:10:19.4493464Z (node:8716) [DEP0040] DeprecationWarning: The `punycode` module is deprecated. Please use a userland alternative instead.
2026-08-20T17:10:19.4494233Z (Use `node --trace-deprecation ...` to show where the warning was created)
2026-08-20T17:10:19.4613661Z Multiple search paths detected. Calculating the least common ancestor of all paths
2026-08-20T17:10:19.4635563Z The least common ancestor is C:\a\OpenCppCoverage-ARM64\OpenCppCoverage-ARM64. This will be the root directory of the artifact
2026-08-20T17:10:19.4636338Z With the provided path, there will be 2 files uploaded
2026-08-20T17:10:19.4639640Z Artifact name is valid!
2026-08-20T17:10:19.4641282Z Root directory input is valid!
2026-08-20T17:10:19.7504125Z Beginning upload of artifact content to blob storage
2026-08-20T17:10:19.7737935Z (node:8716) [DEP0169] DeprecationWarning: `url.parse()` behavior is not standardized and prone to errors that have security implications. Use the WHATWG URL API instead. CVEs are not issued for `url.parse()` vulnerabilities.
2026-08-20T17:10:19.9401730Z Uploaded bytes 721
2026-08-20T17:10:19.9885168Z Finished uploading artifact content to blob storage!
2026-08-20T17:10:19.9888156Z SHA256 digest of uploaded artifact zip is 8e12d483979498022b98b1deb5255acaf6b1fccf2886fc9fba55a5fa5ba3e121
2026-08-20T17:10:19.9889517Z Finalizing artifact upload
2026-08-20T17:10:20.2595410Z Artifact winport-verification-native-arm64.zip successfully finalized. Artifact ID 9416679539
2026-08-20T17:10:20.2596560Z Artifact winport-verification-native-arm64 has been successfully uploaded! Final size is 721 bytes. Artifact ID is 9416679539
2026-08-20T17:10:20.2613867Z Artifact download URL: https://github.com/LynnSingoei/OpenCppCoverage-ARM64/actions/runs/32396073242/artifacts/9416679539
2026-08-20T17:10:20.2857365Z Cleaning up orphan processes
2026-08-20T17:10:20.3024402Z Terminate orphan process: pid (1028) (vctip)
2026-08-20T17:10:20.3088796Z ##[warning]Node.js 20 is deprecated. The following actions target Node.js 20 but are being forced to run on Node.js 24: actions/upload-artifact@v4. For more information see: https://github.blog/changelog/2025-09-19-deprecation-of-node-20-on-github-actions-runners/
